{
  "version": "1.5.0",
  "plugins_used": [
    {
      "name": "ArtifactoryDetector"
    },
    {
      "name": "AWSKeyDetector"
    },
    {
      "name": "AzureStorageKeyDetector"
    },
    {
      "name": "Base64HighEntropyString",
      "limit": 4.5
    },
    {
      "name": "BasicAuthDetector"
    },
    {
      "name": "CloudantDetector"
    },
    {
      "name": "DiscordBotTokenDetector"
    },
    {
      "name": "GitHubTokenDetector"
    },
    {
      "name": "GitLabTokenDetector"
    },
    {
      "name": "HexHighEntropyString",
      "limit": 3.0
    },
    {
      "name": "IbmCloudIamDetector"
    },
    {
      "name": "IbmCosHmacDetector"
    },
    {
      "name": "IPPublicDetector"
    },
    {
      "name": "JwtTokenDetector"
    },
    {
      "name": "KeywordDetector",
      "keyword_exclude": ""
    },
    {
      "name": "MailchimpDetector"
    },
    {
      "name": "NpmDetector"
    },
    {
      "name": "OpenAIDetector"
    },
    {
      "name": "PrivateKeyDetector"
    },
    {
      "name": "PypiTokenDetector"
    },
    {
      "name": "SendGridDetector"
    },
    {
      "name": "SlackDetector"
    },
    {
      "name": "SoftlayerDetector"
    },
    {
      "name": "SquareOAuthDetector"
    },
    {
      "name": "StripeDetector"
    },
    {
      "name": "TelegramBotTokenDetector"
    },
    {
      "name": "TwilioKeyDetector"
    }
  ],
  "filters_used": [
    {
      "path": "detect_secrets.filters.allowlist.is_line_allowlisted"
    },
    {
      "path": "detect_secrets.filters.common.is_baseline_file",
      "filename": ".secrets.baseline"
    },
    {
      "path": "detect_secrets.filters.common.is_ignored_due_to_verification_policies",
      "min_level": 2
    },
    {
      "path": "detect_secrets.filters.heuristic.is_indirect_reference"
    },
    {
      "path": "detect_secrets.filters.heuristic.is_likely_id_string"
    },
    {
      "path": "detect_secrets.filters.heuristic.is_lock_file"
    },
    {
      "path": "detect_secrets.filters.heuristic.is_not_alphanumeric_string"
    },
    {
      "path": "detect_secrets.filters.heuristic.is_potential_uuid"
    },
    {
      "path": "detect_secrets.filters.heuristic.is_prefixed_with_dollar_sign"
    },
    {
      "path": "detect_secrets.filters.heuristic.is_sequential_string"
    },
    {
      "path": "detect_secrets.filters.heuristic.is_swagger_file"
    },
    {
      "path": "detect_secrets.filters.heuristic.is_templated_secret"
    },
    {
      "path": "detect_secrets.filters.regex.should_exclude_file",
      "pattern": [
        "uv.lock"
      ]
    }
  ],
  "results": {
    ".agents/skills/fastmcp/SKILL.md": [
      {
        "type": "Secret Keyword",
        "filename": ".agents/skills/fastmcp/SKILL.md",
        "hashed_secret": "e40aee07a4acf843e9dc8d3e6f24675a07308184",
        "is_verified": false,
        "line_number": 615
      },
      {
        "type": "Secret Keyword",
        "filename": ".agents/skills/fastmcp/SKILL.md",
        "hashed_secret": "c303df00cd0a72b21c62900b758b06fc541664ce",
        "is_verified": false,
        "line_number": 699
      },
      {
        "type": "Secret Keyword",
        "filename": ".agents/skills/fastmcp/SKILL.md",
        "hashed_secret": "a3a6297869a029483c11d0fd8e45a69aba6fcb93",
        "is_verified": false,
        "line_number": 916
      }
    ],
    ".claude/skills/fastmcp/SKILL.md": [
      {
        "type": "Secret Keyword",
        "filename": ".claude/skills/fastmcp/SKILL.md",
        "hashed_secret": "e40aee07a4acf843e9dc8d3e6f24675a07308184",
        "is_verified": false,
        "line_number": 615
      },
      {
        "type": "Secret Keyword",
        "filename": ".claude/skills/fastmcp/SKILL.md",
        "hashed_secret": "c303df00cd0a72b21c62900b758b06fc541664ce",
        "is_verified": false,
        "line_number": 699
      },
      {
        "type": "Secret Keyword",
        "filename": ".claude/skills/fastmcp/SKILL.md",
        "hashed_secret": "a3a6297869a029483c11d0fd8e45a69aba6fcb93",
        "is_verified": false,
        "line_number": 916
      }
    ],
    ".github/workflows/gemini-dispatch.yml": [
      {
        "type": "Secret Keyword",
        "filename": ".github/workflows/gemini-dispatch.yml",
        "hashed_secret": "3e26d6750975d678acb8fa35a0f69237881576b0",
        "is_verified": false,
        "line_number": 138
      }
    ],
    ".github/workflows/release.yml": [
      {
        "type": "Secret Keyword",
        "filename": ".github/workflows/release.yml",
        "hashed_secret": "af4a19de77e37873b68855eaf7d1827bd10e64b2",
        "is_verified": false,
        "line_number": 293
      }
    ],
    "AGENTS.md": [
      {
        "type": "Secret Keyword",
        "filename": "AGENTS.md",
        "hashed_secret": "2e7a7ee14caebf378fc32d6cf6f557f347c96773",
        "is_verified": false,
        "line_number": 220
      },
      {
        "type": "Secret Keyword",
        "filename": "AGENTS.md",
        "hashed_secret": "3acfb2c2b433c0ea7ff107e33df91b18e52f960f",
        "is_verified": false,
        "line_number": 254
      },
      {
        "type": "Secret Keyword",
        "filename": "AGENTS.md",
        "hashed_secret": "804854b22d4db15ed4fcc44a8ddacdb90abffa12",
        "is_verified": false,
        "line_number": 293
      }
    ],
    "API.md": [
      {
        "type": "Secret Keyword",
        "filename": "API.md",
        "hashed_secret": "aecdccc1cf64595b34e0cc152d238daabb32183a",
        "is_verified": false,
        "line_number": 289
      },
      {
        "type": "Hex High Entropy String",
        "filename": "API.md",
        "hashed_secret": "4aad81b82c54b35a326e72bb41999cf64cb5300a",
        "is_verified": false,
        "line_number": 808
      },
      {
        "type": "Secret Keyword",
        "filename": "API.md",
        "hashed_secret": "4d6177cf672a3a086e9b91cf7e8c6a1798cf2b05",
        "is_verified": false,
        "line_number": 1008
      },
      {
        "type": "Secret Keyword",
        "filename": "API.md",
        "hashed_secret": "1816851d10187b57a93235b52495e615629f906d",
        "is_verified": false,
        "line_number": 1968
      }
    ],
    "GEMINI.md": [
      {
        "type": "Secret Keyword",
        "filename": "GEMINI.md",
        "hashed_secret": "11fa7c37d697f30e6aee828b4426a10f83ab2380",
        "is_verified": false,
        "line_number": 16
      },
      {
        "type": "Secret Keyword",
        "filename": "GEMINI.md",
        "hashed_secret": "774ba803d9fcd04859e1d86cdc395245202f393c",
        "is_verified": false,
        "line_number": 620
      }
    ],
    "README.md": [
      {
        "type": "Secret Keyword",
        "filename": "README.md",
        "hashed_secret": "aecdccc1cf64595b34e0cc152d238daabb32183a",
        "is_verified": false,
        "line_number": 808
      },
      {
        "type": "Secret Keyword",
        "filename": "README.md",
        "hashed_secret": "7f48abec62447532005fed3067c99429d41cff78",
        "is_verified": false,
        "line_number": 1106
      }
    ],
    "SECURITY.md": [
      {
        "type": "Secret Keyword",
        "filename": "SECURITY.md",
        "hashed_secret": "e133b5083795190eae5d96c0d3a0aff1829dab3e",
        "is_verified": false,
        "line_number": 137
      }
    ],
    "SKILL.md": [
      {
        "type": "Secret Keyword",
        "filename": "SKILL.md",
        "hashed_secret": "11fa7c37d697f30e6aee828b4426a10f83ab2380",
        "is_verified": false,
        "line_number": 45
      }
    ],
    "docs/SKILLS.md": [
      {
        "type": "Secret Keyword",
        "filename": "docs/SKILLS.md",
        "hashed_secret": "11fa7c37d697f30e6aee828b4426a10f83ab2380",
        "is_verified": false,
        "line_number": 128
      }
    ],
    "docs/UNIFI_API.md": [
      {
        "type": "Secret Keyword",
        "filename": "docs/UNIFI_API.md",
        "hashed_secret": "a761ce3a45d97e41840a788495e85a70d1bb3815",
        "is_verified": false,
        "line_number": 1141
      }
    ],
    "docs/archive/copilot-instructions.md": [
      {
        "type": "Hex High Entropy String",
        "filename": "docs/archive/copilot-instructions.md",
        "hashed_secret": "960903f95946e89e7a21ab56be937700ab2fcc15",
        "is_verified": false,
        "line_number": 391
      }
    ],
    "src/models/radius.py": [
      {
        "type": "Secret Keyword",
        "filename": "src/models/radius.py",
        "hashed_secret": "f2b14f68eb995facb3a1c35287b778d5bd785511",
        "is_verified": false,
        "line_number": 45
      }
    ],
    "src/tools/firewall_policies.py": [
      {
        "type": "Hex High Entropy String",
        "filename": "src/tools/firewall_policies.py",
        "hashed_secret": "339783c495bbfe343aee27184432c49268ec25f2",
        "is_verified": false,
        "line_number": 471
      }
    ],
    "tests/unit/api/test_client.py": [
      {
        "type": "Secret Keyword",
        "filename": "tests/unit/api/test_client.py",
        "hashed_secret": "2e7a7ee14caebf378fc32d6cf6f557f347c96773",
        "is_verified": false,
        "line_number": 27
      }
    ],
    "tests/unit/models/test_firewall_policy.py": [
      {
        "type": "Hex High Entropy String",
        "filename": "tests/unit/models/test_firewall_policy.py",
        "hashed_secret": "339783c495bbfe343aee27184432c49268ec25f2",
        "is_verified": false,
        "line_number": 294
      }
    ],
    "tests/unit/test_diagnostics.py": [
      {
        "type": "Secret Keyword",
        "filename": "tests/unit/test_diagnostics.py",
        "hashed_secret": "3acfb2c2b433c0ea7ff107e33df91b18e52f960f",
        "is_verified": false,
        "line_number": 28
      }
    ],
    "tests/unit/test_main_agnost_import.py": [
      {
        "type": "Secret Keyword",
        "filename": "tests/unit/test_main_agnost_import.py",
        "hashed_secret": "3acfb2c2b433c0ea7ff107e33df91b18e52f960f",
        "is_verified": false,
        "line_number": 14
      }
    ],
    "tests/unit/test_main_health_check.py": [
      {
        "type": "Secret Keyword",
        "filename": "tests/unit/test_main_health_check.py",
        "hashed_secret": "3acfb2c2b433c0ea7ff107e33df91b18e52f960f",
        "is_verified": false,
        "line_number": 9
      }
    ],
    "tests/unit/test_transport_auth.py": [
      {
        "type": "Secret Keyword",
        "filename": "tests/unit/test_transport_auth.py",
        "hashed_secret": "3acfb2c2b433c0ea7ff107e33df91b18e52f960f",
        "is_verified": false,
        "line_number": 20
      }
    ],
    "tests/unit/tools/test_acls_tools.py": [
      {
        "type": "Secret Keyword",
        "filename": "tests/unit/tools/test_acls_tools.py",
        "hashed_secret": "3acfb2c2b433c0ea7ff107e33df91b18e52f960f",
        "is_verified": false,
        "line_number": 24
      }
    ],
    "tests/unit/tools/test_application_tools.py": [
      {
        "type": "Secret Keyword",
        "filename": "tests/unit/tools/test_application_tools.py",
        "hashed_secret": "3acfb2c2b433c0ea7ff107e33df91b18e52f960f",
        "is_verified": false,
        "line_number": 19
      }
    ],
    "tests/unit/tools/test_backups_tools.py": [
      {
        "type": "Secret Keyword",
        "filename": "tests/unit/tools/test_backups_tools.py",
        "hashed_secret": "3acfb2c2b433c0ea7ff107e33df91b18e52f960f",
        "is_verified": false,
        "line_number": 31
      }
    ],
    "tests/unit/tools/test_client_management_tools.py": [
      {
        "type": "Secret Keyword",
        "filename": "tests/unit/tools/test_client_management_tools.py",
        "hashed_secret": "3acfb2c2b433c0ea7ff107e33df91b18e52f960f",
        "is_verified": false,
        "line_number": 26
      }
    ],
    "tests/unit/tools/test_clients_tools.py": [
      {
        "type": "Secret Keyword",
        "filename": "tests/unit/tools/test_clients_tools.py",
        "hashed_secret": "3acfb2c2b433c0ea7ff107e33df91b18e52f960f",
        "is_verified": false,
        "line_number": 23
      }
    ],
    "tests/unit/tools/test_connector_tools.py": [
      {
        "type": "Secret Keyword",
        "filename": "tests/unit/tools/test_connector_tools.py",
        "hashed_secret": "3acfb2c2b433c0ea7ff107e33df91b18e52f960f",
        "is_verified": false,
        "line_number": 28
      }
    ],
    "tests/unit/tools/test_device_control_tools.py": [
      {
        "type": "Secret Keyword",
        "filename": "tests/unit/tools/test_device_control_tools.py",
        "hashed_secret": "3acfb2c2b433c0ea7ff107e33df91b18e52f960f",
        "is_verified": false,
        "line_number": 21
      }
    ],
    "tests/unit/tools/test_devices_tools.py": [
      {
        "type": "Secret Keyword",
        "filename": "tests/unit/tools/test_devices_tools.py",
        "hashed_secret": "3acfb2c2b433c0ea7ff107e33df91b18e52f960f",
        "is_verified": false,
        "line_number": 26
      }
    ],
    "tests/unit/tools/test_dhcp_reservations_tools.py": [
      {
        "type": "Secret Keyword",
        "filename": "tests/unit/tools/test_dhcp_reservations_tools.py",
        "hashed_secret": "3acfb2c2b433c0ea7ff107e33df91b18e52f960f",
        "is_verified": false,
        "line_number": 19
      }
    ],
    "tests/unit/tools/test_dpi_tools.py": [
      {
        "type": "Secret Keyword",
        "filename": "tests/unit/tools/test_dpi_tools.py",
        "hashed_secret": "3acfb2c2b433c0ea7ff107e33df91b18e52f960f",
        "is_verified": false,
        "line_number": 21
      }
    ],
    "tests/unit/tools/test_firewall_groups_tools.py": [
      {
        "type": "Secret Keyword",
        "filename": "tests/unit/tools/test_firewall_groups_tools.py",
        "hashed_secret": "2e7a7ee14caebf378fc32d6cf6f557f347c96773",
        "is_verified": false,
        "line_number": 27
      }
    ],
    "tests/unit/tools/test_firewall_policies.py": [
      {
        "type": "Hex High Entropy String",
        "filename": "tests/unit/tools/test_firewall_policies.py",
        "hashed_secret": "339783c495bbfe343aee27184432c49268ec25f2",
        "is_verified": false,
        "line_number": 102
      },
      {
        "type": "Hex High Entropy String",
        "filename": "tests/unit/tools/test_firewall_policies.py",
        "hashed_secret": "c945a5d2020a2f21a50d11ae676276f4b0c350d2",
        "is_verified": false,
        "line_number": 880
      },
      {
        "type": "Hex High Entropy String",
        "filename": "tests/unit/tools/test_firewall_policies.py",
        "hashed_secret": "0513e3c62dbe3e1225cadda1623bb07a0aaae531",
        "is_verified": false,
        "line_number": 1387
      },
      {
        "type": "Hex High Entropy String",
        "filename": "tests/unit/tools/test_firewall_policies.py",
        "hashed_secret": "d7457fa8bdd31f4648234b1a73ba7f999538d477",
        "is_verified": false,
        "line_number": 1390
      }
    ],
    "tests/unit/tools/test_firewall_tools.py": [
      {
        "type": "Secret Keyword",
        "filename": "tests/unit/tools/test_firewall_tools.py",
        "hashed_secret": "3acfb2c2b433c0ea7ff107e33df91b18e52f960f",
        "is_verified": false,
        "line_number": 25
      }
    ],
    "tests/unit/tools/test_firewall_zones_tools.py": [
      {
        "type": "Secret Keyword",
        "filename": "tests/unit/tools/test_firewall_zones_tools.py",
        "hashed_secret": "3acfb2c2b433c0ea7ff107e33df91b18e52f960f",
        "is_verified": false,
        "line_number": 16
      }
    ],
    "tests/unit/tools/test_network_config_tools.py": [
      {
        "type": "Secret Keyword",
        "filename": "tests/unit/tools/test_network_config_tools.py",
        "hashed_secret": "3acfb2c2b433c0ea7ff107e33df91b18e52f960f",
        "is_verified": false,
        "line_number": 20
      }
    ],
    "tests/unit/tools/test_networks_tools.py": [
      {
        "type": "Secret Keyword",
        "filename": "tests/unit/tools/test_networks_tools.py",
        "hashed_secret": "3acfb2c2b433c0ea7ff107e33df91b18e52f960f",
        "is_verified": false,
        "line_number": 23
      }
    ],
    "tests/unit/tools/test_port_forwarding_tools.py": [
      {
        "type": "Secret Keyword",
        "filename": "tests/unit/tools/test_port_forwarding_tools.py",
        "hashed_secret": "3acfb2c2b433c0ea7ff107e33df91b18e52f960f",
        "is_verified": false,
        "line_number": 25
      }
    ],
    "tests/unit/tools/test_port_profile_tools.py": [
      {
        "type": "Secret Keyword",
        "filename": "tests/unit/tools/test_port_profile_tools.py",
        "hashed_secret": "3acfb2c2b433c0ea7ff107e33df91b18e52f960f",
        "is_verified": false,
        "line_number": 29
      }
    ],
    "tests/unit/tools/test_qos_tools.py": [
      {
        "type": "Secret Keyword",
        "filename": "tests/unit/tools/test_qos_tools.py",
        "hashed_secret": "3acfb2c2b433c0ea7ff107e33df91b18e52f960f",
        "is_verified": false,
        "line_number": 25
      }
    ],
    "tests/unit/tools/test_radius_tools.py": [
      {
        "type": "Secret Keyword",
        "filename": "tests/unit/tools/test_radius_tools.py",
        "hashed_secret": "c98b58cb331c44f4670beb1e1c6c1e9636df3f81",
        "is_verified": false,
        "line_number": 36
      },
      {
        "type": "Secret Keyword",
        "filename": "tests/unit/tools/test_radius_tools.py",
        "hashed_secret": "f2b14f68eb995facb3a1c35287b778d5bd785511",
        "is_verified": false,
        "line_number": 110
      },
      {
        "type": "Secret Keyword",
        "filename": "tests/unit/tools/test_radius_tools.py",
        "hashed_secret": "72cb70dbbafe97e5ea13ad88acd65d08389439b0",
        "is_verified": false,
        "line_number": 160
      },
      {
        "type": "Secret Keyword",
        "filename": "tests/unit/tools/test_radius_tools.py",
        "hashed_secret": "e5e9fa1ba31ecd1ae84f75caaa474f3a663f05f4",
        "is_verified": false,
        "line_number": 204
      },
      {
        "type": "Secret Keyword",
        "filename": "tests/unit/tools/test_radius_tools.py",
        "hashed_secret": "cbfdac6008f9cab4083784cbd1874f76618d2a97",
        "is_verified": false,
        "line_number": 283
      },
      {
        "type": "Secret Keyword",
        "filename": "tests/unit/tools/test_radius_tools.py",
        "hashed_secret": "0c6f6845bb8c62b778e9147c272ac4b5bdb9ae71",
        "is_verified": false,
        "line_number": 290
      },
      {
        "type": "Secret Keyword",
        "filename": "tests/unit/tools/test_radius_tools.py",
        "hashed_secret": "6c55803d6f1d7a177a0db3eb4b343b0d50f9c111",
        "is_verified": false,
        "line_number": 321
      },
      {
        "type": "Secret Keyword",
        "filename": "tests/unit/tools/test_radius_tools.py",
        "hashed_secret": "f3bbbd66a63d4bf1747940578ec3d0103530e21d",
        "is_verified": false,
        "line_number": 510
      },
      {
        "type": "Secret Keyword",
        "filename": "tests/unit/tools/test_radius_tools.py",
        "hashed_secret": "7288edd0fc3ffcbe93a0cf06e3568e28521687bc",
        "is_verified": false,
        "line_number": 630
      },
      {
        "type": "Secret Keyword",
        "filename": "tests/unit/tools/test_radius_tools.py",
        "hashed_secret": "37e16ce71f769e1bb12bb265c40d8cd23f817ebe",
        "is_verified": false,
        "line_number": 959
      },
      {
        "type": "Secret Keyword",
        "filename": "tests/unit/tools/test_radius_tools.py",
        "hashed_secret": "2519c573aa1701cf2625773e9c0a9da345451247",
        "is_verified": false,
        "line_number": 1048
      },
      {
        "type": "Secret Keyword",
        "filename": "tests/unit/tools/test_radius_tools.py",
        "hashed_secret": "7f01ee01030ab55a5add64dd27bd7ae57510d689",
        "is_verified": false,
        "line_number": 1052
      },
      {
        "type": "Secret Keyword",
        "filename": "tests/unit/tools/test_radius_tools.py",
        "hashed_secret": "206c80413b9a96c1312cc346b7d2517b84463edd",
        "is_verified": false,
        "line_number": 1202
      },
      {
        "type": "Secret Keyword",
        "filename": "tests/unit/tools/test_radius_tools.py",
        "hashed_secret": "25ab86bed149ca6ca9c1c0d5db7c9a91388ddeab",
        "is_verified": false,
        "line_number": 1765
      }
    ],
    "tests/unit/tools/test_reference_data_tools.py": [
      {
        "type": "Secret Keyword",
        "filename": "tests/unit/tools/test_reference_data_tools.py",
        "hashed_secret": "3acfb2c2b433c0ea7ff107e33df91b18e52f960f",
        "is_verified": false,
        "line_number": 19
      }
    ],
    "tests/unit/tools/test_site_manager_tools.py": [
      {
        "type": "Secret Keyword",
        "filename": "tests/unit/tools/test_site_manager_tools.py",
        "hashed_secret": "3acfb2c2b433c0ea7ff107e33df91b18e52f960f",
        "is_verified": false,
        "line_number": 28
      }
    ],
    "tests/unit/tools/test_sites_tools.py": [
      {
        "type": "Secret Keyword",
        "filename": "tests/unit/tools/test_sites_tools.py",
        "hashed_secret": "3acfb2c2b433c0ea7ff107e33df91b18e52f960f",
        "is_verified": false,
        "line_number": 18
      }
    ],
    "tests/unit/tools/test_topology_tools.py": [
      {
        "type": "Secret Keyword",
        "filename": "tests/unit/tools/test_topology_tools.py",
        "hashed_secret": "3acfb2c2b433c0ea7ff107e33df91b18e52f960f",
        "is_verified": false,
        "line_number": 19
      }
    ],
    "tests/unit/tools/test_traffic_flows_tools.py": [
      {
        "type": "Secret Keyword",
        "filename": "tests/unit/tools/test_traffic_flows_tools.py",
        "hashed_secret": "2e7a7ee14caebf378fc32d6cf6f557f347c96773",
        "is_verified": false,
        "line_number": 31
      }
    ],
    "tests/unit/tools/test_traffic_matching_lists_tools.py": [
      {
        "type": "Secret Keyword",
        "filename": "tests/unit/tools/test_traffic_matching_lists_tools.py",
        "hashed_secret": "3acfb2c2b433c0ea7ff107e33df91b18e52f960f",
        "is_verified": false,
        "line_number": 25
      }
    ],
    "tests/unit/tools/test_vouchers_tools.py": [
      {
        "type": "Secret Keyword",
        "filename": "tests/unit/tools/test_vouchers_tools.py",
        "hashed_secret": "3acfb2c2b433c0ea7ff107e33df91b18e52f960f",
        "is_verified": false,
        "line_number": 34
      }
    ],
    "tests/unit/tools/test_vpn_tools.py": [
      {
        "type": "Secret Keyword",
        "filename": "tests/unit/tools/test_vpn_tools.py",
        "hashed_secret": "3acfb2c2b433c0ea7ff107e33df91b18e52f960f",
        "is_verified": false,
        "line_number": 19
      }
    ],
    "tests/unit/tools/test_wans_tools.py": [
      {
        "type": "Secret Keyword",
        "filename": "tests/unit/tools/test_wans_tools.py",
        "hashed_secret": "1ae0af3fe72b3ba394f9fa95a6cffc090d726c23",
        "is_verified": false,
        "line_number": 77
      },
      {
        "type": "Secret Keyword",
        "filename": "tests/unit/tools/test_wans_tools.py",
        "hashed_secret": "5ef3af6cd9b5aa907fa618fac829baaec6763b42",
        "is_verified": false,
        "line_number": 353
      }
    ],
    "tests/unit/tools/test_wifi_tools.py": [
      {
        "type": "Secret Keyword",
        "filename": "tests/unit/tools/test_wifi_tools.py",
        "hashed_secret": "3acfb2c2b433c0ea7ff107e33df91b18e52f960f",
        "is_verified": false,
        "line_number": 20
      },
      {
        "type": "Secret Keyword",
        "filename": "tests/unit/tools/test_wifi_tools.py",
        "hashed_secret": "20b05c695ef1f14caa80ab1ce617d503ba9de093",
        "is_verified": false,
        "line_number": 134
      },
      {
        "type": "Secret Keyword",
        "filename": "tests/unit/tools/test_wifi_tools.py",
        "hashed_secret": "34a67d193f21f0689417d1dbf538ddcc2be45b91",
        "is_verified": false,
        "line_number": 172
      },
      {
        "type": "Secret Keyword",
        "filename": "tests/unit/tools/test_wifi_tools.py",
        "hashed_secret": "3bc69e8f812015b0e8fb13d79821707fb53c84b4",
        "is_verified": false,
        "line_number": 189
      },
      {
        "type": "Secret Keyword",
        "filename": "tests/unit/tools/test_wifi_tools.py",
        "hashed_secret": "45cae554ba040f58f6dd82a59c9f385a17437a2a",
        "is_verified": false,
        "line_number": 229
      },
      {
        "type": "Secret Keyword",
        "filename": "tests/unit/tools/test_wifi_tools.py",
        "hashed_secret": "e3c907fb5fd3aa67b93517c7ce34a4e776a299d3",
        "is_verified": false,
        "line_number": 271
      },
      {
        "type": "Secret Keyword",
        "filename": "tests/unit/tools/test_wifi_tools.py",
        "hashed_secret": "a55a3986a699ba4d2b29b2057811322bf076abd0",
        "is_verified": false,
        "line_number": 447
      },
      {
        "type": "Secret Keyword",
        "filename": "tests/unit/tools/test_wifi_tools.py",
        "hashed_secret": "72559b51f94a7a3ad058c5740cbe2f7cb0d4080b",
        "is_verified": false,
        "line_number": 860
      }
    ],
    "tests/unit/utils/test_helpers.py": [
      {
        "type": "Secret Keyword",
        "filename": "tests/unit/utils/test_helpers.py",
        "hashed_secret": "f2b14f68eb995facb3a1c35287b778d5bd785511",
        "is_verified": false,
        "line_number": 186
      },
      {
        "type": "Secret Keyword",
        "filename": "tests/unit/utils/test_helpers.py",
        "hashed_secret": "e48c47f1431afd3bb030deea266b4309e2228c5b",
        "is_verified": false,
        "line_number": 193
      },
      {
        "type": "Secret Keyword",
        "filename": "tests/unit/utils/test_helpers.py",
        "hashed_secret": "e9fe51f94eadabf54dbf2fbbd57188b9abee436e",
        "is_verified": false,
        "line_number": 200
      },
      {
        "type": "Secret Keyword",
        "filename": "tests/unit/utils/test_helpers.py",
        "hashed_secret": "e5e9fa1ba31ecd1ae84f75caaa474f3a663f05f4",
        "is_verified": false,
        "line_number": 221
      },
      {
        "type": "Secret Keyword",
        "filename": "tests/unit/utils/test_helpers.py",
        "hashed_secret": "f32b67c7e26342af42efabc674d441dca0a281c5",
        "is_verified": false,
        "line_number": 228
      }
    ],
    "tests/unit/utils/test_sanitize.py": [
      {
        "type": "Secret Keyword",
        "filename": "tests/unit/utils/test_sanitize.py",
        "hashed_secret": "f2b14f68eb995facb3a1c35287b778d5bd785511",
        "is_verified": false,
        "line_number": 84
      },
      {
        "type": "Secret Keyword",
        "filename": "tests/unit/utils/test_sanitize.py",
        "hashed_secret": "e5e9fa1ba31ecd1ae84f75caaa474f3a663f05f4",
        "is_verified": false,
        "line_number": 198
      }
    ],
    "tests/unit/utils/test_validators.py": [
      {
        "type": "Hex High Entropy String",
        "filename": "tests/unit/utils/test_validators.py",
        "hashed_secret": "960903f95946e89e7a21ab56be937700ab2fcc15",
        "is_verified": false,
        "line_number": 154
      }
    ],
    "tests/unit/webhooks/test_webhooks.py": [
      {
        "type": "Secret Keyword",
        "filename": "tests/unit/webhooks/test_webhooks.py",
        "hashed_secret": "e3694c1417723ec08d5b724fd101b28c5611ebd1",
        "is_verified": false,
        "line_number": 31
      }
    ]
  },
  "generated_at": "2026-09-29T23:46:57Z"
}
